// Jest Snapshot v1, https://goo.gl/fbAQLP

exports[`Repos component Repos snapshot 1`] = `
Object {
  "asFragment": [Function],
  "baseElement": <body>
    <div>
      <div
        class="container"
      >
        <form
          id="selectTags"
        >
          <fieldset
            class="tags"
          >
            <legend
              class="visually-hidden"
            >
              projects.sort
            </legend>
            <label
              for="tag-vue"
            >
              <input
                class="visually-hidden"
                id="tag-vue"
                name="tag"
                type="checkbox"
                value="vue"
              />
              <span
                class="tag"
              >
                vue
              </span>
            </label>
            <label
              for="tag-typescript"
            >
              <input
                class="visually-hidden"
                id="tag-typescript"
                name="tag"
                type="checkbox"
                value="typescript"
              />
              <span
                class="tag"
              >
                typescript
              </span>
            </label>
            <label
              for="tag-react"
            >
              <input
                class="visually-hidden"
                id="tag-react"
                name="tag"
                type="checkbox"
                value="react"
              />
              <span
                class="tag"
              >
                react
              </span>
            </label>
          </fieldset>
        </form>
        <ul
          class="projects"
        >
          <li
            class="project"
          >
            <h3
              class="title"
            >
              First repos
            </h3>
            <p
              class="description"
            >
              Lorem ipsum
            </p>
            <div
              class="bottom"
            >
              <a
                aria-label="projects.go_repo First repos"
                class="link inline-link"
                href="repo"
                rel="noreferrer"
                target="_blank"
              >
                projects.go_repo
              </a>
              <a
                aria-label="projects.go_demo First repos"
                class="link link--live inline-link"
                href="demo"
                rel="noreferrer"
                target="_blank"
              >
                projects.go_demo
              </a>
              <ul
                class="tags"
              >
                <li>
                  vue
                </li>
                <li>
                  typescript
                </li>
              </ul>
            </div>
          </li>
          <li
            class="project"
          >
            <h3
              class="title"
            >
              Second repos
            </h3>
            <p
              class="description"
            >
              Dolor sit
            </p>
            <div
              class="bottom"
            >
              <a
                aria-label="projects.go_repo Second repos"
                class="link inline-link"
                href="repo"
                rel="noreferrer"
                target="_blank"
              >
                projects.go_repo
              </a>
              <ul
                class="tags"
              >
                <li>
                  react
                </li>
              </ul>
            </div>
          </li>
        </ul>
      </div>
    </div>
  </body>,
  "container": <div>
    <div
      class="container"
    >
      <form
        id="selectTags"
      >
        <fieldset
          class="tags"
        >
          <legend
            class="visually-hidden"
          >
            projects.sort
          </legend>
          <label
            for="tag-vue"
          >
            <input
              class="visually-hidden"
              id="tag-vue"
              name="tag"
              type="checkbox"
              value="vue"
            />
            <span
              class="tag"
            >
              vue
            </span>
          </label>
          <label
            for="tag-typescript"
          >
            <input
              class="visually-hidden"
              id="tag-typescript"
              name="tag"
              type="checkbox"
              value="typescript"
            />
            <span
              class="tag"
            >
              typescript
            </span>
          </label>
          <label
            for="tag-react"
          >
            <input
              class="visually-hidden"
              id="tag-react"
              name="tag"
              type="checkbox"
              value="react"
            />
            <span
              class="tag"
            >
              react
            </span>
          </label>
        </fieldset>
      </form>
      <ul
        class="projects"
      >
        <li
          class="project"
        >
          <h3
            class="title"
          >
            First repos
          </h3>
          <p
            class="description"
          >
            Lorem ipsum
          </p>
          <div
            class="bottom"
          >
            <a
              aria-label="projects.go_repo First repos"
              class="link inline-link"
              href="repo"
              rel="noreferrer"
              target="_blank"
            >
              projects.go_repo
            </a>
            <a
              aria-label="projects.go_demo First repos"
              class="link link--live inline-link"
              href="demo"
              rel="noreferrer"
              target="_blank"
            >
              projects.go_demo
            </a>
            <ul
              class="tags"
            >
              <li>
                vue
              </li>
              <li>
                typescript
              </li>
            </ul>
          </div>
        </li>
        <li
          class="project"
        >
          <h3
            class="title"
          >
            Second repos
          </h3>
          <p
            class="description"
          >
            Dolor sit
          </p>
          <div
            class="bottom"
          >
            <a
              aria-label="projects.go_repo Second repos"
              class="link inline-link"
              href="repo"
              rel="noreferrer"
              target="_blank"
            >
              projects.go_repo
            </a>
            <ul
              class="tags"
            >
              <li>
                react
              </li>
            </ul>
          </div>
        </li>
      </ul>
    </div>
  </div>,
  "debug": [Function],
  "findAllByAltText": [Function],
  "findAllByDisplayValue": [Function],
  "findAllByLabelText": [Function],
  "findAllByPlaceholderText": [Function],
  "findAllByRole": [Function],
  "findAllByTestId": [Function],
  "findAllByText": [Function],
  "findAllByTitle": [Function],
  "findByAltText": [Function],
  "findByDisplayValue": [Function],
  "findByLabelText": [Function],
  "findByPlaceholderText": [Function],
  "findByRole": [Function],
  "findByTestId": [Function],
  "findByText": [Function],
  "findByTitle": [Function],
  "getAllByAltText": [Function],
  "getAllByDisplayValue": [Function],
  "getAllByLabelText": [Function],
  "getAllByPlaceholderText": [Function],
  "getAllByRole": [Function],
  "getAllByTestId": [Function],
  "getAllByText": [Function],
  "getAllByTitle": [Function],
  "getByAltText": [Function],
  "getByDisplayValue": [Function],
  "getByLabelText": [Function],
  "getByPlaceholderText": [Function],
  "getByRole": [Function],
  "getByTestId": [Function],
  "getByText": [Function],
  "getByTitle": [Function],
  "queryAllByAltText": [Function],
  "queryAllByDisplayValue": [Function],
  "queryAllByLabelText": [Function],
  "queryAllByPlaceholderText": [Function],
  "queryAllByRole": [Function],
  "queryAllByTestId": [Function],
  "queryAllByText": [Function],
  "queryAllByTitle": [Function],
  "queryByAltText": [Function],
  "queryByDisplayValue": [Function],
  "queryByLabelText": [Function],
  "queryByPlaceholderText": [Function],
  "queryByRole": [Function],
  "queryByTestId": [Function],
  "queryByText": [Function],
  "queryByTitle": [Function],
  "rerender": [Function],
  "unmount": [Function],
}
`;
