// Jest Snapshot v1, https://goo.gl/fbAQLP

exports[`CardRepo component CardRepo snapshot 1`] = `
Object {
  "asFragment": [Function],
  "baseElement": <body>
    <div>
      <li
        class="project"
      >
        <h3
          class="title"
        >
          Test
        </h3>
        <p
          class="description"
        >
          Description project
        </p>
        <div
          class="bottom"
        >
          <a
            aria-label="Go to repository Test"
            class="link inline-link"
            href="repo"
            rel="noreferrer"
            target="_blank"
          >
            Go to repository
          </a>
          <a
            aria-label="Live demo Test"
            class="link link--live inline-link"
            href="demo"
            rel="noreferrer"
            target="_blank"
          >
            Live demo
          </a>
          <ul
            class="tags"
          >
            <li>
              first
            </li>
            <li>
              second
            </li>
          </ul>
        </div>
      </li>
    </div>
  </body>,
  "container": <div>
    <li
      class="project"
    >
      <h3
        class="title"
      >
        Test
      </h3>
      <p
        class="description"
      >
        Description project
      </p>
      <div
        class="bottom"
      >
        <a
          aria-label="Go to repository Test"
          class="link inline-link"
          href="repo"
          rel="noreferrer"
          target="_blank"
        >
          Go to repository
        </a>
        <a
          aria-label="Live demo Test"
          class="link link--live inline-link"
          href="demo"
          rel="noreferrer"
          target="_blank"
        >
          Live demo
        </a>
        <ul
          class="tags"
        >
          <li>
            first
          </li>
          <li>
            second
          </li>
        </ul>
      </div>
    </li>
  </div>,
  "debug": [Function],
  "findAllByAltText": [Function],
  "findAllByDisplayValue": [Function],
  "findAllByLabelText": [Function],
  "findAllByPlaceholderText": [Function],
  "findAllByRole": [Function],
  "findAllByTestId": [Function],
  "findAllByText": [Function],
  "findAllByTitle": [Function],
  "findByAltText": [Function],
  "findByDisplayValue": [Function],
  "findByLabelText": [Function],
  "findByPlaceholderText": [Function],
  "findByRole": [Function],
  "findByTestId": [Function],
  "findByText": [Function],
  "findByTitle": [Function],
  "getAllByAltText": [Function],
  "getAllByDisplayValue": [Function],
  "getAllByLabelText": [Function],
  "getAllByPlaceholderText": [Function],
  "getAllByRole": [Function],
  "getAllByTestId": [Function],
  "getAllByText": [Function],
  "getAllByTitle": [Function],
  "getByAltText": [Function],
  "getByDisplayValue": [Function],
  "getByLabelText": [Function],
  "getByPlaceholderText": [Function],
  "getByRole": [Function],
  "getByTestId": [Function],
  "getByText": [Function],
  "getByTitle": [Function],
  "queryAllByAltText": [Function],
  "queryAllByDisplayValue": [Function],
  "queryAllByLabelText": [Function],
  "queryAllByPlaceholderText": [Function],
  "queryAllByRole": [Function],
  "queryAllByTestId": [Function],
  "queryAllByText": [Function],
  "queryAllByTitle": [Function],
  "queryByAltText": [Function],
  "queryByDisplayValue": [Function],
  "queryByLabelText": [Function],
  "queryByPlaceholderText": [Function],
  "queryByRole": [Function],
  "queryByTestId": [Function],
  "queryByText": [Function],
  "queryByTitle": [Function],
  "rerender": [Function],
  "unmount": [Function],
}
`;
